// Jest Snapshot v1, https://goo.gl/fbAQLP

exports[`Display should render the Display component 1`] = `
<div
  className="display"
>
  <p>
    0
  </p>
</div>
`;
